// Jest Snapshot v1, https://goo.gl/fbAQLP

exports[`components/TitleEditor should match snapshot 1`] = `
ShallowWrapper {
  Symbol(enzyme.__root__): [Circular],
  Symbol(enzyme.__unrendered__): <TitleEditor
    todo={
      Object {
        "done": false,
        "edited": true,
        "id": 191,
        "title": "test me!",
      }
    }
  />,
  Symbol(enzyme.__renderer__): Object {
    "batchedUpdates": [Function],
    "getNode": [Function],
    "render": [Function],
    "simulateError": [Function],
    "simulateEvent": [Function],
    "unmount": [Function],
  },
  Symbol(enzyme.__node__): Object {
    "instance": null,
    "key": undefined,
    "nodeType": "host",
    "props": Object {
      "className": "edit-title",
      "onBlur": [Function],
      "onChange": [Function],
      "onKeyUp": [Function],
      "type": "text",
      "value": "test me!",
    },
    "ref": Object {
      "current": null,
    },
    "rendered": null,
    "type": "input",
  },
  Symbol(enzyme.__nodes__): Array [
    Object {
      "instance": null,
      "key": undefined,
      "nodeType": "host",
      "props": Object {
        "className": "edit-title",
        "onBlur": [Function],
        "onChange": [Function],
        "onKeyUp": [Function],
        "type": "text",
        "value": "test me!",
      },
      "ref": Object {
        "current": null,
      },
      "rendered": null,
      "type": "input",
    },
  ],
  Symbol(enzyme.__options__): Object {
    "adapter": ReactSixteenAdapter {
      "options": Object {
        "enableComponentDidUpdateOnSetState": true,
        "lifecycles": Object {
          "componentDidUpdate": Object {
            "onSetState": true,
          },
          "getDerivedStateFromProps": true,
          "getSnapshotBeforeUpdate": true,
          "setState": Object {
            "skipsComponentDidUpdateOnNullish": true,
          },
        },
      },
    },
  },
}
`;
